BL51 BANKED LINKER/LOCATER V6.22.2.0                                                    11/30/2025  12:59:25  PAGE 1


BL51 BANKED LINKER/LOCATER V6.22.2.0, INVOKED BY:
C:\KEIL_V5\C51\BIN\BL51.EXE .\Objects\STARTUP.obj, .\Objects\led.obj TO .\Objects\8051_project PRINT (.\Listings\8051_pr
>> oject.m51)


INPUT MODULES INCLUDED:
  .\Objects\STARTUP.obj (?C_STARTUP)
  .\Objects\led.obj (LED)


LINK MAP OF MODULE:  .\Objects\8051_project (?C_STARTUP)


            TYPE    BASE      LENGTH    RELOCATION   SEGMENT NAME
            -----------------------------------------------------

            * * * * * * *   D A T A   M E M O R Y   * * * * * * *
            REG     0000H     0008H     ABSOLUTE     "REG BANK 0"
            IDATA   0008H     0001H     UNIT         ?STACK

            * * * * * * *   C O D E   M E M O R Y   * * * * * * *
            CODE    0000H     0003H     ABSOLUTE     
* OVERLAP * CODE    0000H     004BH     ABSOLUTE     
                    004BH     07B5H                  *** GAP ***
            CODE    0800H     000CH     UNIT         ?C_C51STARTUP



UNRESOLVED EXTERNAL SYMBOLS:
   ?C_START



SYMBOL TABLE OF MODULE:  .\Objects\8051_project (?C_STARTUP)

  VALUE           TYPE          NAME
  ----------------------------------

  -------         MODULE        ?C_STARTUP
  C:0800H         SEGMENT       ?C_C51STARTUP
  I:0008H         SEGMENT       ?STACK
  C:0000H         PUBLIC        ?C_STARTUP
  D:00E0H         SYMBOL        ACC
  D:00F0H         SYMBOL        B
  D:0083H         SYMBOL        DPH
  D:0082H         SYMBOL        DPL
  N:0000H         SYMBOL        IBPSTACK
  N:0100H         SYMBOL        IBPSTACKTOP
  N:0080H         SYMBOL        IDATALEN
  C:0803H         SYMBOL        IDATALOOP
  N:0000H         SYMBOL        PBPSTACK
  N:0100H         SYMBOL        PBPSTACKTOP
  N:0000H         SYMBOL        PDATALEN
  N:0000H         SYMBOL        PDATASTART
  N:0000H         SYMBOL        PPAGE
  N:0000H         SYMBOL        PPAGEENABLE
  D:00A0H         SYMBOL        PPAGE_SFR
  D:0081H         SYMBOL        SP
BL51 BANKED LINKER/LOCATER V6.22.2.0                                                  11/30/2025  12:59:25  PAGE 2


  C:0800H         SYMBOL        STARTUP1
  N:0000H         SYMBOL        XBPSTACK
  N:0000H         SYMBOL        XBPSTACKTOP
  N:0000H         SYMBOL        XDATALEN
  N:0000H         SYMBOL        XDATASTART
  C:0000H         LINE#         126
  C:0800H         LINE#         133
  C:0802H         LINE#         134
  C:0803H         LINE#         135
  C:0804H         LINE#         136
  C:0806H         LINE#         185
  C:0809H         LINE#         196
  -------         ENDMOD        ?C_STARTUP

  -------         MODULE        LED
  C:0048H         SYMBOL        EX0_ISR
  D:00A8H         SYMBOL        IE
  C:0030H         SYMBOL        MAIN
  C:003EH         SYMBOL        MAIN_LOOP
  C:0044H         SYMBOL        NO_INVERT
  D:0090H         SYMBOL        P1
  D:00A0H         SYMBOL        P2
  D:0088H         SYMBOL        TCON
  B:0024H.0       SYMBOL        TOGFLAG
  C:0000H         LINE#         2
  C:0003H         LINE#         8
  C:0030H         LINE#         22
  C:0033H         LINE#         23
  C:0036H         LINE#         25
  C:0038H         LINE#         27
  C:003BH         LINE#         28
  C:003EH         LINE#         31
  C:0040H         LINE#         33
  C:0043H         LINE#         34
  C:0044H         LINE#         36
  C:0046H         LINE#         38
  C:0048H         LINE#         44
  C:004AH         LINE#         45
  -------         ENDMOD        LED

*** WARNING L5: CODE SPACE MEMORY OVERLAP
    FROM:    0000H
    TO:      0002H

*** WARNING L1: UNRESOLVED EXTERNAL SYMBOL
    SYMBOL:  ?C_START
    MODULE:  .\Objects\STARTUP.obj (?C_STARTUP)

*** WARNING L2: REFERENCE MADE TO UNRESOLVED EXTERNAL
    SYMBOL:  ?C_START
    MODULE:  .\Objects\STARTUP.obj (?C_STARTUP)
    ADDRESS: 080AH

******************************************************************************
* RESTRICTED VERSION WITH 0800H BYTE CODE SIZE LIMIT; USED: 0030H BYTE ( 2%) *
******************************************************************************

BL51 BANKED LINKER/LOCATER V6.22.2.0                                                  11/30/2025  12:59:25  PAGE 3


Program Size: data=9.0 xdata=0 code=90
LINK/LOCATE RUN COMPLETE.  3 WARNING(S),  0 ERROR(S)
